Command line invocation:
    /Applications/Xcode.app/Contents/Developer/usr/bin/xcodebuild test -scheme iControlBell -destination "platform=iOS Simulator,name=iPhone 16"

ComputePackagePrebuildTargetDependencyGraph

Prepare packages

CreateBuildRequest

SendProjectDescription

CreateBuildOperation

ComputeTargetDependencyGraph
note: Building targets in dependency order
note: Target dependency graph (3 targets)
    Target 'iControlBellTests' in project 'iControlBell'
        ➜ Explicit dependency on target 'iControlBell' in project 'iControlBell'
    Target 'iControlBellUITests' in project 'iControlBell'
        ➜ Explicit dependency on target 'iControlBell' in project 'iControlBell'
    Target 'iControlBell' in project 'iControlBell' (no dependencies)

GatherProvisioningInputs

CreateBuildDescription

ExecuteExternalTool /Applications/Xcode.app/Contents/Developer/usr/bin/actool --print-asset-tag-combinations --output-format xml1 /Users/shanestone/Documents/iControlBell-new/iControlBell/Assets.xcassets

ExecuteExternalTool /Applications/Xcode.app/Contents/Developer/Toolchains/XcodeDefault.xctoolchain/usr/bin/swiftc --version

ExecuteExternalTool /Applications/Xcode.app/Contents/Developer/Toolchains/XcodeDefault.xctoolchain/usr/bin/clang -v -E -dM -isysroot /Applications/Xcode.app/Contents/Developer/Platforms/iPhoneSimulator.platform/Developer/SDKs/iPhoneSimulator18.5.sdk -x c -c /dev/null

ExecuteExternalTool /Applications/Xcode.app/Contents/Developer/Toolchains/XcodeDefault.xctoolchain/usr/bin/ld -version_details

ExecuteExternalTool /Applications/Xcode.app/Contents/Developer/usr/bin/actool --version --output-format xml1

Build description signature: 3c4d70b5c16e8afa0cb146dbf7d421bd
Build description path: /Users/shanestone/Library/Developer/Xcode/DerivedData/iControlBell-gjahkaoszhjoddfhrhcwysjuhpkf/Build/Intermediates.noindex/XCBuildData/3c4d70b5c16e8afa0cb146dbf7d421bd.xcbuilddata
ClangStatCache /Applications/Xcode.app/Contents/Developer/Toolchains/XcodeDefault.xctoolchain/usr/bin/clang-stat-cache /Applications/Xcode.app/Contents/Developer/Platforms/iPhoneSimulator.platform/Developer/SDKs/iPhoneSimulator18.5.sdk /Users/shanestone/Library/Developer/Xcode/DerivedData/SDKStatCaches.noindex/iphonesimulator18.5-22F76-d5fc8ad4295d2ef488fb7d0f804ce0c4.sdkstatcache
    cd /Users/shanestone/Documents/iControlBell-new/iControlBell.xcodeproj
    /Applications/Xcode.app/Contents/Developer/Toolchains/XcodeDefault.xctoolchain/usr/bin/clang-stat-cache /Applications/Xcode.app/Contents/Developer/Platforms/iPhoneSimulator.platform/Developer/SDKs/iPhoneSimulator18.5.sdk -o /Users/shanestone/Library/Developer/Xcode/DerivedData/SDKStatCaches.noindex/iphonesimulator18.5-22F76-d5fc8ad4295d2ef488fb7d0f804ce0c4.sdkstatcache

WriteAuxiliaryFile /Users/shanestone/Library/Developer/Xcode/DerivedData/iControlBell-gjahkaoszhjoddfhrhcwysjuhpkf/Build/Intermediates.noindex/iControlBell.build/Debug-iphonesimulator/iControlBell.build/Objects-normal/arm64/iControlBell.SwiftFileList (in target 'iControlBell' from project 'iControlBell')
    cd /Users/shanestone/Documents/iControlBell-new
    write-file /Users/shanestone/Library/Developer/Xcode/DerivedData/iControlBell-gjahkaoszhjoddfhrhcwysjuhpkf/Build/Intermediates.noindex/iControlBell.build/Debug-iphonesimulator/iControlBell.build/Objects-normal/arm64/iControlBell.SwiftFileList

WriteAuxiliaryFile /Users/shanestone/Library/Developer/Xcode/DerivedData/iControlBell-gjahkaoszhjoddfhrhcwysjuhpkf/Build/Intermediates.noindex/iControlBell.build/Debug-iphonesimulator/iControlBell.build/Objects-normal/arm64/iControlBell.SwiftConstValuesFileList (in target 'iControlBell' from project 'iControlBell')
    cd /Users/shanestone/Documents/iControlBell-new
    write-file /Users/shanestone/Library/Developer/Xcode/DerivedData/iControlBell-gjahkaoszhjoddfhrhcwysjuhpkf/Build/Intermediates.noindex/iControlBell.build/Debug-iphonesimulator/iControlBell.build/Objects-normal/arm64/iControlBell.SwiftConstValuesFileList

WriteAuxiliaryFile /Users/shanestone/Library/Developer/Xcode/DerivedData/iControlBell-gjahkaoszhjoddfhrhcwysjuhpkf/Build/Intermediates.noindex/iControlBell.build/Debug-iphonesimulator/iControlBell.build/Objects-normal/arm64/iControlBell.LinkFileList (in target 'iControlBell' from project 'iControlBell')
    cd /Users/shanestone/Documents/iControlBell-new
    write-file /Users/shanestone/Library/Developer/Xcode/DerivedData/iControlBell-gjahkaoszhjoddfhrhcwysjuhpkf/Build/Intermediates.noindex/iControlBell.build/Debug-iphonesimulator/iControlBell.build/Objects-normal/arm64/iControlBell.LinkFileList

ProcessInfoPlistFile /Users/shanestone/Library/Developer/Xcode/DerivedData/iControlBell-gjahkaoszhjoddfhrhcwysjuhpkf/Build/Products/Debug-iphonesimulator/iControlBell.app/Info.plist /Users/shanestone/Library/Developer/Xcode/DerivedData/iControlBell-gjahkaoszhjoddfhrhcwysjuhpkf/Build/Intermediates.noindex/iControlBell.build/Debug-iphonesimulator/iControlBell.build/empty-iControlBell.plist (in target 'iControlBell' from project 'iControlBell')
    cd /Users/shanestone/Documents/iControlBell-new
    builtin-infoPlistUtility /Users/shanestone/Library/Developer/Xcode/DerivedData/iControlBell-gjahkaoszhjoddfhrhcwysjuhpkf/Build/Intermediates.noindex/iControlBell.build/Debug-iphonesimulator/iControlBell.build/empty-iControlBell.plist -producttype com.apple.product-type.application -genpkginfo /Users/shanestone/Library/Developer/Xcode/DerivedData/iControlBell-gjahkaoszhjoddfhrhcwysjuhpkf/Build/Products/Debug-iphonesimulator/iControlBell.app/PkgInfo -expandbuildsettings -format binary -platform iphonesimulator -additionalcontentfile /Users/shanestone/Library/Developer/Xcode/DerivedData/iControlBell-gjahkaoszhjoddfhrhcwysjuhpkf/Build/Intermediates.noindex/iControlBell.build/Debug-iphonesimulator/iControlBell.build/assetcatalog_generated_info.plist -o /Users/shanestone/Library/Developer/Xcode/DerivedData/iControlBell-gjahkaoszhjoddfhrhcwysjuhpkf/Build/Products/Debug-iphonesimulator/iControlBell.app/Info.plist

SwiftDriver iControlBell normal arm64 com.apple.xcode.tools.swift.compiler (in target 'iControlBell' from project 'iControlBell')
    cd /Users/shanestone/Documents/iControlBell-new
    builtin-SwiftDriver -- /Applications/Xcode.app/Contents/Developer/Toolchains/XcodeDefault.xctoolchain/usr/bin/swiftc -module-name iControlBell -Onone -enforce-exclusivity\=checked @/Users/shanestone/Library/Developer/Xcode/DerivedData/iControlBell-gjahkaoszhjoddfhrhcwysjuhpkf/Build/Intermediates.noindex/iControlBell.build/Debug-iphonesimulator/iControlBell.build/Objects-normal/arm64/iControlBell.SwiftFileList -DDEBUG -enable-bare-slash-regex -enable-experimental-feature DebugDescriptionMacro -sdk /Applications/Xcode.app/Contents/Developer/Platforms/iPhoneSimulator.platform/Developer/SDKs/iPhoneSimulator18.5.sdk -target arm64-apple-ios15.0-simulator -g -module-cache-path /Users/shanestone/Library/Developer/Xcode/DerivedData/ModuleCache.noindex -Xfrontend -serialize-debugging-options -profile-coverage-mapping -profile-generate -enable-testing -index-store-path /Users/shanestone/Library/Developer/Xcode/DerivedData/iControlBell-gjahkaoszhjoddfhrhcwysjuhpkf/Index.noindex/DataStore -swift-version 5 -I /Users/shanestone/Library/Developer/Xcode/DerivedData/iControlBell-gjahkaoszhjoddfhrhcwysjuhpkf/Build/Products/Debug-iphonesimulator -F /Users/shanestone/Library/Developer/Xcode/DerivedData/iControlBell-gjahkaoszhjoddfhrhcwysjuhpkf/Build/Products/Debug-iphonesimulator -emit-localized-strings -emit-localized-strings-path /Users/shanestone/Library/Developer/Xcode/DerivedData/iControlBell-gjahkaoszhjoddfhrhcwysjuhpkf/Build/Intermediates.noindex/iControlBell.build/Debug-iphonesimulator/iControlBell.build/Objects-normal/arm64 -c -j10 -enable-batch-mode -incremental -Xcc -ivfsstatcache -Xcc /Users/shanestone/Library/Developer/Xcode/DerivedData/SDKStatCaches.noindex/iphonesimulator18.5-22F76-d5fc8ad4295d2ef488fb7d0f804ce0c4.sdkstatcache -output-file-map /Users/shanestone/Library/Developer/Xcode/DerivedData/iControlBell-gjahkaoszhjoddfhrhcwysjuhpkf/Build/Intermediates.noindex/iControlBell.build/Debug-iphonesimulator/iControlBell.build/Objects-normal/arm64/iControlBell-OutputFileMap.json -use-frontend-parseable-output -save-temps -no-color-diagnostics -serialize-diagnostics -emit-dependencies -emit-module -emit-module-path /Users/shanestone/Library/Developer/Xcode/DerivedData/iControlBell-gjahkaoszhjoddfhrhcwysjuhpkf/Build/Intermediates.noindex/iControlBell.build/Debug-iphonesimulator/iControlBell.build/Objects-normal/arm64/iControlBell.swiftmodule -validate-clang-modules-once -clang-build-session-file /Users/shanestone/Library/Developer/Xcode/DerivedData/ModuleCache.noindex/Session.modulevalidation -Xcc -I/Users/shanestone/Library/Developer/Xcode/DerivedData/iControlBell-gjahkaoszhjoddfhrhcwysjuhpkf/Build/Intermediates.noindex/iControlBell.build/Debug-iphonesimulator/iControlBell.build/swift-overrides.hmap -emit-const-values -Xfrontend -const-gather-protocols-file -Xfrontend /Users/shanestone/Library/Developer/Xcode/DerivedData/iControlBell-gjahkaoszhjoddfhrhcwysjuhpkf/Build/Intermediates.noindex/iControlBell.build/Debug-iphonesimulator/iControlBell.build/Objects-normal/arm64/iControlBell_const_extract_protocols.json -Xcc -iquote -Xcc /Users/shanestone/Library/Developer/Xcode/DerivedData/iControlBell-gjahkaoszhjoddfhrhcwysjuhpkf/Build/Intermediates.noindex/iControlBell.build/Debug-iphonesimulator/iControlBell.build/iControlBell-generated-files.hmap -Xcc -I/Users/shanestone/Library/Developer/Xcode/DerivedData/iControlBell-gjahkaoszhjoddfhrhcwysjuhpkf/Build/Intermediates.noindex/iControlBell.build/Debug-iphonesimulator/iControlBell.build/iControlBell-own-target-headers.hmap -Xcc -I/Users/shanestone/Library/Developer/Xcode/DerivedData/iControlBell-gjahkaoszhjoddfhrhcwysjuhpkf/Build/Intermediates.noindex/iControlBell.build/Debug-iphonesimulator/iControlBell.build/iControlBell-all-target-headers.hmap -Xcc -iquote -Xcc /Users/shanestone/Library/Developer/Xcode/DerivedData/iControlBell-gjahkaoszhjoddfhrhcwysjuhpkf/Build/Intermediates.noindex/iControlBell.build/Debug-iphonesimulator/iControlBell.build/iControlBell-project-headers.hmap -Xcc -I/Users/shanestone/Library/Developer/Xcode/DerivedData/iControlBell-gjahkaoszhjoddfhrhcwysjuhpkf/Build/Products/Debug-iphonesimulator/include -Xcc -I/Users/shanestone/Library/Developer/Xcode/DerivedData/iControlBell-gjahkaoszhjoddfhrhcwysjuhpkf/Build/Intermediates.noindex/iControlBell.build/Debug-iphonesimulator/iControlBell.build/DerivedSources-normal/arm64 -Xcc -I/Users/shanestone/Library/Developer/Xcode/DerivedData/iControlBell-gjahkaoszhjoddfhrhcwysjuhpkf/Build/Intermediates.noindex/iControlBell.build/Debug-iphonesimulator/iControlBell.build/DerivedSources/arm64 -Xcc -I/Users/shanestone/Library/Developer/Xcode/DerivedData/iControlBell-gjahkaoszhjoddfhrhcwysjuhpkf/Build/Intermediates.noindex/iControlBell.build/Debug-iphonesimulator/iControlBell.build/DerivedSources -Xcc -DDEBUG\=1 -emit-objc-header -emit-objc-header-path /Users/shanestone/Library/Developer/Xcode/DerivedData/iControlBell-gjahkaoszhjoddfhrhcwysjuhpkf/Build/Intermediates.noindex/iControlBell.build/Debug-iphonesimulator/iControlBell.build/Objects-normal/arm64/iControlBell-Swift.h -working-directory /Users/shanestone/Documents/iControlBell-new -experimental-emit-module-separately -disable-cmo

SwiftCompile normal arm64 Compiling\ RaulandModels.swift,\ DeviceUtils.swift /Users/shanestone/Documents/iControlBell-new/Resources/src/models/RaulandModels.swift /Users/shanestone/Documents/iControlBell-new/Resources/src/utils/DeviceUtils.swift (in target 'iControlBell' from project 'iControlBell')

SwiftCompile normal arm64 /Users/shanestone/Documents/iControlBell-new/Resources/src/models/RaulandModels.swift (in target 'iControlBell' from project 'iControlBell')
    cd /Users/shanestone/Documents/iControlBell-new
    

SwiftCompile normal arm64 /Users/shanestone/Documents/iControlBell-new/Resources/src/utils/DeviceUtils.swift (in target 'iControlBell' from project 'iControlBell')
    cd /Users/shanestone/Documents/iControlBell-new
    

SwiftCompile normal arm64 Compiling\ CallRequestGridView.swift,\ iControlBellApp.swift /Users/shanestone/Documents/iControlBell-new/Resources/src/views/CallRequestGridView.swift /Users/shanestone/Documents/iControlBell-new/iControlBell/iControlBellApp.swift (in target 'iControlBell' from project 'iControlBell')
SwiftCompile normal arm64 /Users/shanestone/Documents/iControlBell-new/Resources/src/views/CallRequestGridView.swift (in target 'iControlBell' from project 'iControlBell')
    cd /Users/shanestone/Documents/iControlBell-new
    

SwiftCompile normal arm64 /Users/shanestone/Documents/iControlBell-new/iControlBell/iControlBellApp.swift (in target 'iControlBell' from project 'iControlBell')
    cd /Users/shanestone/Documents/iControlBell-new
    

SwiftCompile normal arm64 Compiling\ Language.swift,\ LogoView.swift /Users/shanestone/Documents/iControlBell-new/Resources/src/models/Language.swift /Users/shanestone/Documents/iControlBell-new/Resources/src/views/LogoView.swift (in target 'iControlBell' from project 'iControlBell')
SwiftCompile normal arm64 /Users/shanestone/Documents/iControlBell-new/Resources/src/models/Language.swift (in target 'iControlBell' from project 'iControlBell')
    cd /Users/shanestone/Documents/iControlBell-new
    

SwiftCompile normal arm64 /Users/shanestone/Documents/iControlBell-new/Resources/src/views/LogoView.swift (in target 'iControlBell' from project 'iControlBell')
    cd /Users/shanestone/Documents/iControlBell-new
    

SwiftCompile normal arm64 Compiling\ SoundboardCategory.swift,\ ToastView.swift /Users/shanestone/Documents/iControlBell-new/Resources/src/models/SoundboardCategory.swift /Users/shanestone/Documents/iControlBell-new/Resources/src/views/ToastView.swift (in target 'iControlBell' from project 'iControlBell')

SwiftCompile normal arm64 /Users/shanestone/Documents/iControlBell-new/Resources/src/models/SoundboardCategory.swift (in target 'iControlBell' from project 'iControlBell')
    cd /Users/shanestone/Documents/iControlBell-new
    

SwiftCompile normal arm64 /Users/shanestone/Documents/iControlBell-new/Resources/src/views/ToastView.swift (in target 'iControlBell' from project 'iControlBell')
    cd /Users/shanestone/Documents/iControlBell-new
    

SwiftCompile normal arm64 Compiling\ SoundManager.swift,\ PlistLoader.swift /Users/shanestone/Documents/iControlBell-new/Resources/src/utils/SoundManager.swift /Users/shanestone/Documents/iControlBell-new/Resources/src/utils/PlistLoader.swift (in target 'iControlBell' from project 'iControlBell')

SwiftCompile normal arm64 /Users/shanestone/Documents/iControlBell-new/Resources/src/utils/SoundManager.swift (in target 'iControlBell' from project 'iControlBell')
    cd /Users/shanestone/Documents/iControlBell-new
    

SwiftCompile normal arm64 /Users/shanestone/Documents/iControlBell-new/Resources/src/utils/PlistLoader.swift (in target 'iControlBell' from project 'iControlBell')
    cd /Users/shanestone/Documents/iControlBell-new
    

SwiftCompile normal arm64 Compiling\ CallRequestOption.swift,\ ContentView.swift /Users/shanestone/Documents/iControlBell-new/Resources/src/models/CallRequestOption.swift /Users/shanestone/Documents/iControlBell-new/Resources/src/views/ContentView.swift (in target 'iControlBell' from project 'iControlBell')

SwiftCompile normal arm64 /Users/shanestone/Documents/iControlBell-new/Resources/src/models/CallRequestOption.swift (in target 'iControlBell' from project 'iControlBell')
    cd /Users/shanestone/Documents/iControlBell-new
    

SwiftCompile normal arm64 /Users/shanestone/Documents/iControlBell-new/Resources/src/views/ContentView.swift (in target 'iControlBell' from project 'iControlBell')
    cd /Users/shanestone/Documents/iControlBell-new
    

SwiftEmitModule normal arm64 Emitting\ module\ for\ iControlBell (in target 'iControlBell' from project 'iControlBell')
EmitSwiftModule normal arm64 (in target 'iControlBell' from project 'iControlBell')
    cd /Users/shanestone/Documents/iControlBell-new
    

SwiftCompile normal arm64 Compiling\ GeneratedAssetSymbols.swift /Users/shanestone/Library/Developer/Xcode/DerivedData/iControlBell-gjahkaoszhjoddfhrhcwysjuhpkf/Build/Intermediates.noindex/iControlBell.build/Debug-iphonesimulator/iControlBell.build/DerivedSources/GeneratedAssetSymbols.swift (in target 'iControlBell' from project 'iControlBell')

SwiftCompile normal arm64 /Users/shanestone/Library/Developer/Xcode/DerivedData/iControlBell-gjahkaoszhjoddfhrhcwysjuhpkf/Build/Intermediates.noindex/iControlBell.build/Debug-iphonesimulator/iControlBell.build/DerivedSources/GeneratedAssetSymbols.swift (in target 'iControlBell' from project 'iControlBell')
    cd /Users/shanestone/Documents/iControlBell-new
    

SwiftCompile normal arm64 Compiling\ RaulandAPIManager.swift,\ NetworkService.swift /Users/shanestone/Documents/iControlBell-new/Resources/src/connectivity/RaulandAPIManager.swift /Users/shanestone/Documents/iControlBell-new/Resources/src/connectivity/NetworkService.swift (in target 'iControlBell' from project 'iControlBell')
Failed frontend command:
/Applications/Xcode.app/Contents/Developer/Toolchains/XcodeDefault.xctoolchain/usr/bin/swift-frontend -frontend -c /Users/shanestone/Documents/iControlBell-new/Resources/src/models/SoundboardCategory.swift /Users/shanestone/Documents/iControlBell-new/Resources/src/utils/AccessibilityUtils.swift /Users/shanestone/Documents/iControlBell-new/Resources/src/views/ToastView.swift /Users/shanestone/Documents/iControlBell-new/Resources/src/models/RaulandModels.swift /Users/shanestone/Documents/iControlBell-new/Resources/src/utils/DeviceUtils.swift -primary-file /Users/shanestone/Documents/iControlBell-new/Resources/src/connectivity/RaulandAPIManager.swift -primary-file /Users/shanestone/Documents/iControlBell-new/Resources/src/connectivity/NetworkService.swift /Users/shanestone/Documents/iControlBell-new/Resources/src/utils/SoundManager.swift /Users/shanestone/Documents/iControlBell-new/Resources/src/utils/PlistLoader.swift /Users/shanestone/Documents/iControlBell-new/Resources/src/models/CallRequestOption.swift /Users/shanestone/Documents/iControlBell-new/Resources/src/views/ContentView.swift /Users/shanestone/Documents/iControlBell-new/Resources/src/models/Language.swift /Users/shanestone/Documents/iControlBell-new/Resources/src/views/LogoView.swift /Users/shanestone/Documents/iControlBell-new/Resources/src/views/LanguageSelectorView.swift /Users/shanestone/Documents/iControlBell-new/Resources/src/views/SoundboardView.swift /Users/shanestone/Documents/iControlBell-new/Resources/src/views/CallRequestGridView.swift /Users/shanestone/Documents/iControlBell-new/iControlBell/iControlBellApp.swift /Users/shanestone/Documents/iControlBell-new/Resources/src/state/AppState.swift /Users/shanestone/Library/Developer/Xcode/DerivedData/iControlBell-gjahkaoszhjoddfhrhcwysjuhpkf/Build/Intermediates.noindex/iControlBell.build/Debug-iphonesimulator/iControlBell.build/DerivedSources/GeneratedAssetSymbols.swift -emit-dependencies-path /Users/shanestone/Library/Developer/Xcode/DerivedData/iControlBell-gjahkaoszhjoddfhrhcwysjuhpkf/Build/Intermediates.noindex/iControlBell.build/Debug-iphonesimulator/iControlBell.build/Objects-normal/arm64/RaulandAPIManager.d -emit-const-values-path /Users/shanestone/Library/Developer/Xcode/DerivedData/iControlBell-gjahkaoszhjoddfhrhcwysjuhpkf/Build/Intermediates.noindex/iControlBell.build/Debug-iphonesimulator/iControlBell.build/Objects-normal/arm64/RaulandAPIManager.swiftconstvalues -emit-reference-dependencies-path /Users/shanestone/Library/Developer/Xcode/DerivedData/iControlBell-gjahkaoszhjoddfhrhcwysjuhpkf/Build/Intermediates.noindex/iControlBell.build/Debug-iphonesimulator/iControlBell.build/Objects-normal/arm64/RaulandAPIManager.swiftdeps -serialize-diagnostics-path /Users/shanestone/Library/Developer/Xcode/DerivedData/iControlBell-gjahkaoszhjoddfhrhcwysjuhpkf/Build/Intermediates.noindex/iControlBell.build/Debug-iphonesimulator/iControlBell.build/Objects-normal/arm64/RaulandAPIManager.dia -emit-dependencies-path /Users/shanestone/Library/Developer/Xcode/DerivedData/iControlBell-gjahkaoszhjoddfhrhcwysjuhpkf/Build/Intermediates.noindex/iControlBell.build/Debug-iphonesimulator/iControlBell.build/Objects-normal/arm64/NetworkService.d -emit-const-values-path /Users/shanestone/Library/Developer/Xcode/DerivedData/iControlBell-gjahkaoszhjoddfhrhcwysjuhpkf/Build/Intermediates.noindex/iControlBell.build/Debug-iphonesimulator/iControlBell.build/Objects-normal/arm64/NetworkService.swiftconstvalues -emit-reference-dependencies-path /Users/shanestone/Library/Developer/Xcode/DerivedData/iControlBell-gjahkaoszhjoddfhrhcwysjuhpkf/Build/Intermediates.noindex/iControlBell.build/Debug-iphonesimulator/iControlBell.build/Objects-normal/arm64/NetworkService.swiftdeps -serialize-diagnostics-path /Users/shanestone/Library/Developer/Xcode/DerivedData/iControlBell-gjahkaoszhjoddfhrhcwysjuhpkf/Build/Intermediates.noindex/iControlBell.build/Debug-iphonesimulator/iControlBell.build/Objects-normal/arm64/NetworkService.dia -emit-localized-strings -emit-localized-strings-path /Users/shanestone/Library/Developer/Xcode/DerivedData/iControlBell-gjahkaoszhjoddfhrhcwysjuhpkf/Build/Intermediates.noindex/iControlBell.build/Debug-iphonesimulator/iControlBell.build/Objects-normal/arm64 -target arm64-apple-ios15.0-simulator -Xllvm -aarch64-use-tbi -enable-objc-interop -sdk /Applications/Xcode.app/Contents/Developer/Platforms/iPhoneSimulator.platform/Developer/SDKs/iPhoneSimulator18.5.sdk -I /Users/shanestone/Library/Developer/Xcode/DerivedData/iControlBell-gjahkaoszhjoddfhrhcwysjuhpkf/Build/Products/Debug-iphonesimulator -F /Users/shanestone/Library/Developer/Xcode/DerivedData/iControlBell-gjahkaoszhjoddfhrhcwysjuhpkf/Build/Products/Debug-iphonesimulator -no-color-diagnostics -enable-testing -g -debug-info-format\=dwarf -dwarf-version\=4 -module-cache-path /Users/shanestone/Library/Developer/Xcode/DerivedData/ModuleCache.noindex -profile-generate -profile-coverage-mapping -swift-version 5 -enforce-exclusivity\=checked -Onone -D DEBUG -serialize-debugging-options -const-gather-protocols-file /Users/shanestone/Library/Developer/Xcode/DerivedData/iControlBell-gjahkaoszhjoddfhrhcwysjuhpkf/Build/Intermediates.noindex/iControlBell.build/Debug-iphonesimulator/iControlBell.build/Objects-normal/arm64/iControlBell_const_extract_protocols.json -enable-experimental-feature DebugDescriptionMacro -enable-bare-slash-regex -empty-abi-descriptor -validate-clang-modules-once -clang-build-session-file /Users/shanestone/Library/Developer/Xcode/DerivedData/ModuleCache.noindex/Session.modulevalidation -Xcc -working-directory -Xcc /Users/shanestone/Documents/iControlBell-new -resource-dir /Applications/Xcode.app/Contents/Developer/Toolchains/XcodeDefault.xctoolchain/usr/lib/swift -enable-anonymous-context-mangled-names -file-compilation-dir /Users/shanestone/Documents/iControlBell-new -Xcc -ivfsstatcache -Xcc /Users/shanestone/Library/Developer/Xcode/DerivedData/SDKStatCaches.noindex/iphonesimulator18.5-22F76-d5fc8ad4295d2ef488fb7d0f804ce0c4.sdkstatcache -Xcc -I/Users/shanestone/Library/Developer/Xcode/DerivedData/iControlBell-gjahkaoszhjoddfhrhcwysjuhpkf/Build/Intermediates.noindex/iControlBell.build/Debug-iphonesimulator/iControlBell.build/swift-overrides.hmap -Xcc -iquote -Xcc /Users/shanestone/Library/Developer/Xcode/DerivedData/iControlBell-gjahkaoszhjoddfhrhcwysjuhpkf/Build/Intermediates.noindex/iControlBell.build/Debug-iphonesimulator/iControlBell.build/iControlBell-generated-files.hmap -Xcc -I/Users/shanestone/Library/Developer/Xcode/DerivedData/iControlBell-gjahkaoszhjoddfhrhcwysjuhpkf/Build/Intermediates.noindex/iControlBell.build/Debug-iphonesimulator/iControlBell.build/iControlBell-own-target-headers.hmap -Xcc -I/Users/shanestone/Library/Developer/Xcode/DerivedData/iControlBell-gjahkaoszhjoddfhrhcwysjuhpkf/Build/Intermediates.noindex/iControlBell.build/Debug-iphonesimulator/iControlBell.build/iControlBell-all-target-headers.hmap -Xcc -iquote -Xcc /Users/shanestone/Library/Developer/Xcode/DerivedData/iControlBell-gjahkaoszhjoddfhrhcwysjuhpkf/Build/Intermediates.noindex/iControlBell.build/Debug-iphonesimulator/iControlBell.build/iControlBell-project-headers.hmap -Xcc -I/Users/shanestone/Library/Developer/Xcode/DerivedData/iControlBell-gjahkaoszhjoddfhrhcwysjuhpkf/Build/Products/Debug-iphonesimulator/include -Xcc -I/Users/shanestone/Library/Developer/Xcode/DerivedData/iControlBell-gjahkaoszhjoddfhrhcwysjuhpkf/Build/Intermediates.noindex/iControlBell.build/Debug-iphonesimulator/iControlBell.build/DerivedSources-normal/arm64 -Xcc -I/Users/shanestone/Library/Developer/Xcode/DerivedData/iControlBell-gjahkaoszhjoddfhrhcwysjuhpkf/Build/Intermediates.noindex/iControlBell.build/Debug-iphonesimulator/iControlBell.build/DerivedSources/arm64 -Xcc -I/Users/shanestone/Library/Developer/Xcode/DerivedData/iControlBell-gjahkaoszhjoddfhrhcwysjuhpkf/Build/Intermediates.noindex/iControlBell.build/Debug-iphonesimulator/iControlBell.build/DerivedSources -Xcc -DDEBUG\=1 -module-name iControlBell -frontend-parseable-output -disable-clang-spi -target-sdk-version 18.5 -target-sdk-name iphonesimulator18.5 -external-plugin-path /Applications/Xcode.app/Contents/Developer/Platforms/iPhoneOS.platform/Developer/usr/lib/swift/host/plugins\#/Applications/Xcode.app/Contents/Developer/Platforms/iPhoneOS.platform/Developer/usr/bin/swift-plugin-server -external-plugin-path /Applications/Xcode.app/Contents/Developer/Platforms/iPhoneOS.platform/Developer/usr/local/lib/swift/host/plugins\#/Applications/Xcode.app/Contents/Developer/Platforms/iPhoneOS.platform/Developer/usr/bin/swift-plugin-server -in-process-plugin-server-path /Applications/Xcode.app/Contents/Developer/Toolchains/XcodeDefault.xctoolchain/usr/lib/swift/host/libSwiftInProcPluginServer.dylib -plugin-path /Applications/Xcode.app/Contents/Developer/Toolchains/XcodeDefault.xctoolchain/usr/lib/swift/host/plugins -plugin-path /Applications/Xcode.app/Contents/Developer/Toolchains/XcodeDefault.xctoolchain/usr/local/lib/swift/host/plugins -o /Users/shanestone/Library/Developer/Xcode/DerivedData/iControlBell-gjahkaoszhjoddfhrhcwysjuhpkf/Build/Intermediates.noindex/iControlBell.build/Debug-iphonesimulator/iControlBell.build/Objects-normal/arm64/RaulandAPIManager.o -o /Users/shanestone/Library/Developer/Xcode/DerivedData/iControlBell-gjahkaoszhjoddfhrhcwysjuhpkf/Build/Intermediates.noindex/iControlBell.build/Debug-iphonesimulator/iControlBell.build/Objects-normal/arm64/NetworkService.o -index-unit-output-path /iControlBell.build/Debug-iphonesimulator/iControlBell.build/Objects-normal/arm64/RaulandAPIManager.o -index-unit-output-path /iControlBell.build/Debug-iphonesimulator/iControlBell.build/Objects-normal/arm64/NetworkService.o -index-store-path /Users/shanestone/Library/Developer/Xcode/DerivedData/iControlBell-gjahkaoszhjoddfhrhcwysjuhpkf/Index.noindex/DataStore -index-system-modules

SwiftCompile normal arm64 /Users/shanestone/Documents/iControlBell-new/Resources/src/connectivity/RaulandAPIManager.swift (in target 'iControlBell' from project 'iControlBell')
    cd /Users/shanestone/Documents/iControlBell-new
    
/Users/shanestone/Documents/iControlBell-new/Resources/src/connectivity/RaulandAPIManager.swift:30:32: error: cannot find 'ErrorHandler' in scope
    private let errorHandler = ErrorHandler.shared
                               ^~~~~~~~~~~~
/Users/shanestone/Documents/iControlBell-new/Resources/src/connectivity/RaulandAPIManager.swift:68:13: error: cannot find 'AuditLogManager' in scope
            AuditLogManager.shared.saveLog(callHistory)
            ^~~~~~~~~~~~~~~
/Users/shanestone/Documents/iControlBell-new/Resources/src/connectivity/RaulandAPIManager.swift:53:20: warning: main actor-isolated property 'connectionState' cannot be used to satisfy nonisolated requirement from protocol 'RaulandAPIManaging'; this is an error in the Swift 6 language mode
    @Published var connectionState: RaulandConnectionState = .disconnected
                   ^
/Users/shanestone/Documents/iControlBell-new/Resources/src/connectivity/RaulandAPIManager.swift:28:54: note: add '@preconcurrency' to the 'RaulandAPIManaging' conformance to defer isolation checking to run time
class RaulandAPIManager: NSObject, ObservableObject, RaulandAPIManaging {
                                                     ^
                                                     @preconcurrency 
/Users/shanestone/Documents/iControlBell-new/Resources/src/connectivity/RaulandAPIManager.swift:14:9: note: requirement 'connectionState' declared here
    var connectionState: RaulandConnectionState { get }
        ^
/Users/shanestone/Documents/iControlBell-new/Resources/src/connectivity/RaulandAPIManager.swift:54:20: warning: main actor-isolated property 'isConnected' cannot be used to satisfy nonisolated requirement from protocol 'RaulandAPIManaging'; this is an error in the Swift 6 language mode
    @Published var isConnected: Bool = false
                   ^
/Users/shanestone/Documents/iControlBell-new/Resources/src/connectivity/RaulandAPIManager.swift:15:9: note: requirement 'isConnected' declared here
    var isConnected: Bool { get }
        ^
/Users/shanestone/Documents/iControlBell-new/Resources/src/connectivity/RaulandAPIManager.swift:55:20: warning: main actor-isolated property 'lastError' cannot be used to satisfy nonisolated requirement from protocol 'RaulandAPIManaging'; this is an error in the Swift 6 language mode
    @Published var lastError: String?
                   ^
/Users/shanestone/Documents/iControlBell-new/Resources/src/connectivity/RaulandAPIManager.swift:16:9: note: requirement 'lastError' declared here
    var lastError: String? { get }
        ^
/Users/shanestone/Documents/iControlBell-new/Resources/src/connectivity/RaulandAPIManager.swift:56:20: warning: main actor-isolated property 'facilityInfo' cannot be used to satisfy nonisolated requirement from protocol 'RaulandAPIManaging'; this is an error in the Swift 6 language mode
    @Published var facilityInfo: RaulandFacilityInfo?
                   ^
/Users/shanestone/Documents/iControlBell-new/Resources/src/connectivity/RaulandAPIManager.swift:17:9: note: requirement 'facilityInfo' declared here
    var facilityInfo: RaulandFacilityInfo? { get }
        ^
/Users/shanestone/Documents/iControlBell-new/Resources/src/connectivity/RaulandAPIManager.swift:94:10: warning: main actor-isolated instance method 'configure(with:)' cannot be used to satisfy nonisolated requirement from protocol 'RaulandAPIManaging'; this is an error in the Swift 6 language mode
    func configure(with config: RaulandConfiguration) {
         ^
/Users/shanestone/Documents/iControlBell-new/Resources/src/connectivity/RaulandAPIManager.swift:94:10: note: add 'nonisolated' to 'configure(with:)' to make this instance method not isolated to the actor
    func configure(with config: RaulandConfiguration) {
         ^
    nonisolated 
/Users/shanestone/Documents/iControlBell-new/Resources/src/connectivity/RaulandAPIManager.swift:19:10: note: mark the protocol requirement 'configure(with:)' 'async' to allow actor-isolated conformances
    func configure(with config: RaulandConfiguration)
         ^
                                                      async
/Users/shanestone/Documents/iControlBell-new/Resources/src/connectivity/RaulandAPIManager.swift:159:10: warning: main actor-isolated instance method 'disconnect()' cannot be used to satisfy nonisolated requirement from protocol 'RaulandAPIManaging'; this is an error in the Swift 6 language mode
    func disconnect() {
         ^
/Users/shanestone/Documents/iControlBell-new/Resources/src/connectivity/RaulandAPIManager.swift:159:10: note: add 'nonisolated' to 'disconnect()' to make this instance method not isolated to the actor
    func disconnect() {
         ^
    nonisolated 
/Users/shanestone/Documents/iControlBell-new/Resources/src/connectivity/RaulandAPIManager.swift:21:10: note: mark the protocol requirement 'disconnect()' 'async' to allow actor-isolated conformances
    func disconnect()
         ^
                      async
/Users/shanestone/Documents/iControlBell-new/Resources/src/connectivity/RaulandAPIManager.swift:38:15: error: cannot find 'KeychainHelper' in scope
        get { KeychainHelper.shared.get("rauland_session_token") }
              ^~~~~~~~~~~~~~
/Users/shanestone/Documents/iControlBell-new/Resources/src/connectivity/RaulandAPIManager.swift:41:17: error: cannot find 'KeychainHelper' in scope
                KeychainHelper.shared.set(token, forKey: "rauland_session_token")
                ^~~~~~~~~~~~~~
/Users/shanestone/Documents/iControlBell-new/Resources/src/connectivity/RaulandAPIManager.swift:43:17: error: cannot find 'KeychainHelper' in scope
                KeychainHelper.shared.remove("rauland_session_token")
                ^~~~~~~~~~~~~~
/Users/shanestone/Documents/iControlBell-new/Resources/src/connectivity/RaulandAPIManager.swift:75:28: error: cannot find 'AuditLogManager' in scope
        self.callHistory = AuditLogManager.shared.loadLog()
                           ^~~~~~~~~~~~~~~
/Users/shanestone/Documents/iControlBell-new/Resources/src/connectivity/RaulandAPIManager.swift:97:9: error: cannot find 'KeychainHelper' in scope
        KeychainHelper.shared.set(config.apiKey, forKey: "rauland_api_key")
        ^~~~~~~~~~~~~~
/Users/shanestone/Documents/iControlBell-new/Resources/src/connectivity/RaulandAPIManager.swift:162:9: error: cannot find 'KeychainHelper' in scope
        KeychainHelper.shared.remove("rauland_api_key")
        ^~~~~~~~~~~~~~
/Users/shanestone/Documents/iControlBell-new/Resources/src/connectivity/RaulandAPIManager.swift:239:13: warning: no 'async' operations occur within 'await' expression
            await handleHealthcareError(error, context: "Cannot refresh session - not connected")
            ^
/Users/shanestone/Documents/iControlBell-new/Resources/src/connectivity/RaulandAPIManager.swift:333:9: error: cannot find 'AuditLogManager' in scope
        AuditLogManager.shared.append(request)
        ^~~~~~~~~~~~~~~
/Users/shanestone/Documents/iControlBell-new/Resources/src/connectivity/RaulandAPIManager.swift:348:16: error: cannot find 'AuditLogManager' in scope
        return AuditLogManager.shared.loadLog()
               ^~~~~~~~~~~~~~~
/Users/shanestone/Documents/iControlBell-new/Resources/src/connectivity/RaulandAPIManager.swift:353:9: error: cannot find 'AuditLogManager' in scope
        AuditLogManager.shared.saveLog([])
        ^~~~~~~~~~~~~~~

SwiftCompile normal arm64 /Users/shanestone/Documents/iControlBell-new/Resources/src/connectivity/NetworkService.swift (in target 'iControlBell' from project 'iControlBell')
    cd /Users/shanestone/Documents/iControlBell-new
    

SwiftCompile normal arm64 Compiling\ LanguageSelectorView.swift,\ SoundboardView.swift /Users/shanestone/Documents/iControlBell-new/Resources/src/views/LanguageSelectorView.swift /Users/shanestone/Documents/iControlBell-new/Resources/src/views/SoundboardView.swift (in target 'iControlBell' from project 'iControlBell')

SwiftCompile normal arm64 /Users/shanestone/Documents/iControlBell-new/Resources/src/views/LanguageSelectorView.swift (in target 'iControlBell' from project 'iControlBell')
    cd /Users/shanestone/Documents/iControlBell-new
    

SwiftCompile normal arm64 /Users/shanestone/Documents/iControlBell-new/Resources/src/views/SoundboardView.swift (in target 'iControlBell' from project 'iControlBell')
    cd /Users/shanestone/Documents/iControlBell-new
    

SwiftCompile normal arm64 Compiling\ AppState.swift /Users/shanestone/Documents/iControlBell-new/Resources/src/state/AppState.swift (in target 'iControlBell' from project 'iControlBell')
Command SwiftCompile failed with a nonzero exit code


Test session results, code coverage, and logs:
	/Users/shanestone/Library/Developer/Xcode/DerivedData/iControlBell-gjahkaoszhjoddfhrhcwysjuhpkf/Logs/Test/Test-iControlBell-2025.07.12_11-00-32--0400.xcresult

